###############################################################################
#
# IAR ELF Linker V8.50.9.278/W32 for ARM                  19/May/2024  14:24:21
# Copyright 2007-2020 IAR Systems AB.
#
#    Output file  =
#        C:\embedded_programming\UART-Arduino Servo\Debug\Exe\project.out
#    Map file     =
#        C:\embedded_programming\UART-Arduino Servo\Debug\List\project.map
#    Command line =
#        -f C:\Users\Suleyman\AppData\Local\Temp\EW981B.tmp
#        ("C:\embedded_programming\UART-Arduino Servo\Debug\Obj\main.o"
#        --no_out_extension -o "C:\embedded_programming\UART-Arduino
#        Servo\Debug\Exe\project.out" --redirect _Printf=_PrintfFullNoMb
#        --redirect _Scanf=_ScanfFullNoMb --map
#        "C:\embedded_programming\UART-Arduino Servo\Debug\List\project.map"
#        --config
#        C:\tools\IAR\arm\config\linker\TexasInstruments\LM4F120H5QR.icf
#        --semihosting --entry __iar_program_start --vfe --text_out locale)
#
###############################################################################

*******************************************************************************
*** RUNTIME MODEL ATTRIBUTES
***

CppFlavor       = *
__SystemLibrary = DLib
__dlib_version  = 6


*******************************************************************************
*** HEAP SELECTION
***

The basic heap was selected because no calls to memory allocation
functions were found in the application outside of system library
functions, and there are calls to deallocation functions in the
application.


*******************************************************************************
*** PLACEMENT SUMMARY
***

"A0":  place at address 0x0 { ro section .intvec };
"P1":  place in [from 0x0 to 0x3'ffff] { ro };
define block CSTACK with size = 2K, alignment = 8 { };
define block HEAP with size = 8K, alignment = 8 { };
"P2":  place in [from 0x2000'0000 to 0x2000'7fff] {
          rw, block CSTACK, block HEAP };

No sections matched the following patterns:

  rw  in "P2"


  Section   Kind         Address   Size  Object
  -------   ----         -------   ----  ------
"A0":                              0x40
  .intvec   ro code          0x0   0x40  vector_table_M.o [3]
                          - 0x40   0x40

"P1":                             0x184
  .text     ro code         0x40  0x120  main.o [1]
  .text     ro code        0x160   0x1e  cmain.o [3]
  .text     ro code        0x17e    0x4  low_level_init.o [2]
  .text     ro code        0x182    0x4  exit.o [2]
  .text     ro code        0x186    0x2  vector_table_M.o [3]
  .text     ro code        0x188    0xa  cexit.o [3]
  .text     ro code        0x194   0x14  exit.o [4]
  .text     ro code        0x1a8   0x1c  cstartup_M.o [3]
                         - 0x1c4  0x184

"P2":                             0x800
  CSTACK             0x2000'0000  0x800  <Block>
    CSTACK  uninit   0x2000'0000  0x800  <Block tail>
                   - 0x2000'0800  0x800

Unused ranges:

         From           To      Size
         ----           --      ----
        0x1c4     0x3'ffff  0x3'fe3c
  0x2000'0800  0x2000'7fff    0x7800



*******************************************************************************
*** MODULE SUMMARY
***

    Module            ro code  rw data
    ------            -------  -------
command line/config:
    ----------------------------------
    Total:

C:\embedded_programming\UART-Arduino Servo\Debug\Obj: [1]
    main.o                288
    ----------------------------------
    Total:                288

dl7M_tln.a: [2]
    exit.o                  4
    low_level_init.o        4
    ----------------------------------
    Total:                  8

rt7M_tl.a: [3]
    cexit.o                10
    cmain.o                30
    cstartup_M.o           28
    vector_table_M.o       66
    ----------------------------------
    Total:                134

shb_l.a: [4]
    exit.o                 20
    ----------------------------------
    Total:                 20

    Gaps                    2
    Linker created               2'048
--------------------------------------
    Grand Total:          452    2'048


*******************************************************************************
*** ENTRY LIST
***

Entry                     Address  Size  Type      Object
-----                     -------  ----  ----      ------
?main                       0x161        Code  Gb  cmain.o [3]
CSTACK$$Base          0x2000'0000         --   Gb  - Linker created -
CSTACK$$Limit         0x2000'0800         --   Gb  - Linker created -
Region$$Table$$Base           0x0         --   Gb  - Linker created -
Region$$Table$$Limit          0x0         --   Gb  - Linker created -
__cmain                     0x161        Code  Gb  cmain.o [3]
__exit                      0x195  0x14  Code  Gb  exit.o [4]
__iar_program_start         0x1a9        Code  Gb  cstartup_M.o [3]
__low_level_init            0x17f   0x4  Code  Gb  low_level_init.o [2]
__vector_table                0x0        Data  Gb  vector_table_M.o [3]
_call_main                  0x16d        Code  Gb  cmain.o [3]
_exit                       0x189        Code  Gb  cexit.o [3]
_main                       0x177        Code  Gb  cmain.o [3]
configure_pins               0x7d  0x52  Code  Gb  main.o [1]
configure_uart               0xcf  0x2e  Code  Gb  main.o [1]
exit                        0x183   0x4  Code  Gb  exit.o [2]
main                         0x41  0x3c  Code  Gb  main.o [1]
uart_transmit                0xfd  0x10  Code  Gb  main.o [1]


[1] = C:\embedded_programming\UART-Arduino Servo\Debug\Obj
[2] = dl7M_tln.a
[3] = rt7M_tl.a
[4] = shb_l.a

    452 bytes of readonly  code memory
  2'048 bytes of readwrite data memory

Errors: none
Warnings: none
